[www.mahindra.com/index.html]
[backblue.gif]
[fade.gif]
[index.html]
[www.mahindra.com/iwov-resources/grid/bootstrap.css]
[www.mahindra.com/resources/careers/js/masonry.pkgd.min.js]
[www.mahindra.com/assets/chatbot/css/chatbot_custom.css]
[www.mahindra.com/assets/chatbot/css/botchat.css]
[www.mahindra.com/assets/css/fontface.min.css]
[www.mahindra.com/assets/css/bootstrap.min.css]
[www.mahindra.com/assets/css/divider.min.css]
[www.mahindra.com/assets/css/owl.carousel.min.css]
[www.mahindra.com/assets/css/lity.min.css]
[www.mahindra.com/assets/css/swiper.min.css]
[www.mahindra.com/assets/css/main.min.css]
[www.mahindra.com/assets/css/animate.min.css]
[www.mahindra.com/assets/css/custom.min.css]
[www.mahindra.com/assets/css/view.min.css]
[www.mahindra.com/assets/css/search.css]
[www.mahindra.com/assets/css/customv3.css]
[www.mahindra.com/assets/css/homepage.min.css]
[www.mahindra.com/assets/img/mahindra-logo.png]
[www.mahindra.com/assets/img/mahindra-design.png]
[www.mahindra.com/about-mahindra-company.html]
[www.mahindra.com/mahindra-services-and-businesses.html]
[www.mahindra.com/investors/reports-and-filings.html]
[www.mahindra.com/riseforgood.html]
[www.mahindra.com/innovation-in-business.html]
[www.mahindra.com/assets/img/icon-search.png]
[www.mahindra.com/news-room.html]
[www.mahindra.com/global.html]
[www.mahindra.com/careers.html]
[www.mahindra.com/blogs.html]
[www.mahindra.com/motor-sports.html]
[www.mahindra.com/cultural-outreach.html]
[www.mahindra.com/contact-mahindra-group.html]
[www.mahindra.com/assets/img/header-facebook.png]
[www.mahindra.com/assets/img/header-twitter.png]
[www.mahindra.com/assets/img/header-instagram.png]
[www.mahindra.com/assets/img/header-youtube.png]
[www.mahindra.com/assets/img/header-linkedIn.png]
[www.mahindra.com/assets/cms-images/banner/home-page/xuv-300-turbosport-desktop.jpg]
[www.mahindra.com/assets/cms-images/banner/home-page/xuv-300-turbosport-mobile.jpg]
[www.mahindra.com/video-youtube-overlay8bb0.html]
[www.mahindra.com/assets/cms-images/banner/home-page/empowering-rise-desktop.jpg]
[www.mahindra.com/assets/cms-images/banner/home-page/empowering-rise-mobile.jpg]
[www.mahindra.com/assets/cms-images/banner/home-page/electric-xuv-400-desktop.jpg]
[www.mahindra.com/assets/cms-images/banner/home-page/electric-xuv-400-mobile.jpg]
[www.mahindra.com/assets/cms-images/banner/home-page/5-electrifying-suvs-desktop-new.jpg]
[www.mahindra.com/assets/cms-images/banner/home-page/5-electrifying-suvs-mobile-new.jpg]
[www.mahindra.com/assets/cms-images/banner/home-page/museum-banner-desktop.jpg]
[www.mahindra.com/assets/cms-images/banner/home-page/museum-banner-mobile.jpg]
[www.mahindra.com/assets/cms-images/banner/home-page/a-girl-child-desktop.jpg]
[www.mahindra.com/assets/cms-images/banner/home-page/a-girl-child-mobile.jpg]
[www.mahindra.com/video-youtube-overlaya73f.html]
[www.mahindra.com/assets/cms-images/banner/home-page/techm-metaverse-desktop.png]
[www.mahindra.com/assets/cms-images/banner/home-page/techm-metaverse-mobile.png]
[www.mahindra.com/assets/img/arrow-left-red.svg]
[www.mahindra.com/assets/img/arrow-right-red.svg]
[www.mahindra.com/assets/cms-images/about-us/our-key-achivements/tractor-225X269px.jpg]
[www.mahindra.com/assets/cms-images/about-us/our-key-achivements/used-car-225X269px.jpg]
[www.mahindra.com/assets/cms-images/about-us/our-key-achivements/rural-non-banking-225x269px.jpg]
[www.mahindra.com/assets/cms-images/about-us/our-key-achivements/logistics-225x269px.jpg]
[www.mahindra.com/assets/cms-images/about-us/our-key-achivements/hospitality 225x269px.jpg]
[www.mahindra.com/assets/img/about-us/achievements-img7.jpg]
[www.mahindra.com/assets/img/about-us/achievements-img8.jpg]
[www.mahindra.com/assets/img/about-us/achievements-img9.jpg]
[www.mahindra.com/assets/cms-images/about-us/our-key-achivements/formula-e-225x269px.jpg]
[www.mahindra.com/assets/cms-images/home-page/hyper-car-553x379-new.jpg]
[www.mahindra.com/assets/img/homepage/futurise-img1.png]
[www.mahindra.com/assets/img/homepage/futurise-img2.png]
[www.mahindra.com/assets/img/homepage/futurise-img3.png]
[www.mahindra.com/assets/cms-images/home-page/mufi-desktop image-528x126px.jpg]
[www.mahindra.com/assets/cms-images/home-page/mufi-mobile image-434x266px.jpg]
[www.mahindra.com/assets/cms-images/home-page/grounded-by-compassion-553x379px-.jpg]
[www.mahindra.com/riseforgood/empowering-our-people.html]
[www.mahindra.com/riseforgood/ethics-and-governance.html]
[www.mahindra.com/riseforgood/serving-the-community.html]
[www.mahindra.com/riseforgood/business-for-good.html]
[www.mahindra.com/riseforgood/rejuvenating-the-planet.html]
[www.mahindra.com/assets/cms-images/home-page/grounded-by-compassion-263x251px.jpg]
[www.mahindra.com/assets/cms-images/home-page/our-global-footprint-1036x429px.jpg]
[www.mahindra.com/assets/img/homepage/global-carousel-img1-icon1.png]
[www.mahindra.com/assets/img/homepage/global-carousel-img1-icon2.png]
[www.mahindra.com/assets/img/homepage/global-carousel-img2.jpg]
[www.mahindra.com/assets/img/homepage/global-carousel-img3.jpg]
[www.mahindra.com/assets/img/homepage/red-arrow-left.png]
[www.mahindra.com/assets/img/homepage/red-arrow-right.png]
[www.mahindra.com/assets/cms-images/home-page/pillars/pillar-1-new-6-june.jpg]
[www.mahindra.com/assets/cms-images/home-page/pillars/pillar-2-new.jpg]
[www.mahindra.com/assets/cms-images/home-page/pillars/pillar-3-new.jpg]
[www.mahindra.com/assets/img/social-facebook.png]
[www.mahindra.com/assets/img/social-twitter.png]
[www.mahindra.com/assets/img/social-instagram.png]
[www.mahindra.com/assets/img/social-youtube.png]
[www.mahindra.com/assets/img/social-linkedIn.png]
[www.mahindra.com/terms-of-use.html]
[www.mahindra.com/disclaimer.html]
[www.mahindra.com/privacy-policy.html]
[www.mahindra.com/sitemap.html]
[www.mahindra.com/resources/img/icon-search-thin.png]
[www.mahindra.com/resources/img/btn-lbox-close.png]
[www.mahindra.com/assets/chatbot/js/jquery.min.js]
[www.mahindra.com/assets/chatbot/js/chatbot_custom.js]
[www.mahindra.com/assets/js/jquery-2.1.4.min.js]
[www.mahindra.com/assets/js/lity.min.js]
[www.mahindra.com/assets/js/bootstrap.min.js]
[www.mahindra.com/assets/js/owl.carousel.min.js]
[www.mahindra.com/assets/js/main.js]
[www.mahindra.com/assets/js/swipe.min.js]
[www.mahindra.com/assets/js/jquery.mobile.custom.min.js]
[www.mahindra.com/assets/js/divider.min.js]
[www.mahindra.com/assets/js/jquery.visible.min.js]
[www.mahindra.com/assets/js/custom.min.js]
[www.mahindra.com/assets/js/search.js]
[www.mahindra.com/assets/js/customv3.js]
[www.mahindra.com/index.html]
[www.mahindra.com/iwov-resources/grid/bootstrap.css]
[www.mahindra.com/resources/images/favicon.html]
[www.mahindra.com/assets/chatbot/css/chatbot_custom.css]
[www.mahindra.com/assets/js/homepage.min.js]
[www.mahindra.com/assets/chatbot/css/fonts/Trebuchet MS.ttf]
[www.mahindra.com/assets/chatbot/img/BG.png]
[www.mahindra.com/assets/chatbot/img/ChatbotIcon.png]
[www.mahindra.com/assets/chatbot/css/botchat.css]
[www.mahindra.com/assets/fonts/fontawesome-webfont78ce.svg]
[www.mahindra.com/assets/fonts/EurostileLTStd.svg]
[www.mahindra.com/assets/fonts/EurostileLTStdBold.svg]
[www.mahindra.com/assets/css/fontface.min.css]
[www.mahindra.com/assets/fonts/cheddar_jack-webfont.svg]
[www.mahindra.com/assets/fonts/glyphicons-halflings-regular.eot]
[www.mahindra.com/assets/fonts/glyphicons-halflings-regulard41d.eot]
[www.mahindra.com/assets/fonts/glyphicons-halflings-regular.woff2]
[www.mahindra.com/assets/fonts/glyphicons-halflings-regular.woff]
[www.mahindra.com/assets/fonts/glyphicons-halflings-regular.ttf]
[www.mahindra.com/assets/fonts/glyphicons-halflings-regular.svg]
[www.mahindra.com/assets/css/bootstrap.min.css]
[www.mahindra.com/assets/img/cd-arrows.png]
[www.mahindra.com/assets/css/divider.min.css]
[www.mahindra.com/assets/css/owl.video.play.png]
[www.mahindra.com/assets/css/owl.carousel.min.css]
[www.mahindra.com/assets/css/lity.min.css]
[www.mahindra.com/assets/css/swiper.min.css]
[www.mahindra.com/assets/css/main.min.css]
[www.mahindra.com/assets/css/animate.min.css]
[www.mahindra.com/assets/css/custom.min.css]
[www.mahindra.com/assets/css/view.min.css]
[www.mahindra.com/assets/css/search.css]
[www.mahindra.com/assets/img/global/map-shadow.png]
[www.mahindra.com/assets/css/customv3.css]
[www.mahindra.com/assets/css/homepage.min.css]
[www.googletagmanager.com/gtm5445.html]
[www.mahindra.com/assets/css/horizontal.min.css]
[www.mahindra.com/assets/css/about-us.min.css]
[www.mahindra.com/assets/cms-images/banner/about-us/banner-1440X709px.jpg]
[www.mahindra.com/assets/cms-images/about-us/we-are-mahindra/background-image-807x639px.jpg]
[www.mahindra.com/assets/cms-images/about-us/we-are-mahindra/car-1132X200px.jpg]
[www.mahindra.com/resources/pdf/csr/MM-Ltd-CSR-POLICY-2022.pdf]
[www.mahindra.com/assets/img/about-us/icon-brochure.png]
[www.mahindra.com/resources/pdf/about-us/mahindra-group-ppt-2022.pdf]
[www.mahindra.com/assets/img/about-us/icon-ppt.png]
[www.mahindra.com/assets/img/about-us/icon-newsletter.png]
[www.mahindra.com/resources/pdf/about-us/M-M-Code-of-Conduct-for-Employees.pdf]
[www.mahindra.com/assets/img/about-us/icon-conduct.png]
[www.mahindra.com/resources/investor-reports/FY21/Annual-Reports/Mahindra-Annual-Report-FY-2021.pdf]
[www.mahindra.com/assets/img/about-us/icon-report.png]
[www.mahindra.com/resources/pdf/sustainability/Mahindra-Sustainability-Report-2020-21.pdf]
[www.mahindra.com/assets/cms-images/about-us/industries/background-image-700x688px.jpg]
[www.mahindra.com/assets/img/about-us/icon-aerospace.png]
[www.mahindra.com/assets/img/about-us/close-btn.png]
[www.mahindra.com/assets/img/about-us/icon-aftermarket.png]
[www.mahindra.com/assets/img/about-us/icon-agri.png]
[www.mahindra.com/assets/img/about-us/icon-automotive.png]
[www.mahindra.com/assets/img/about-us/icon-boats.png]
[www.mahindra.com/assets/img/about-us/icon-clean.png]
[www.mahindra.com/assets/img/about-us/icon-construction.png]
[www.mahindra.com/assets/img/about-us/icon-consulting.png]
[www.mahindra.com/assets/img/about-us/icon-defense.png]
[www.mahindra.com/assets/img/about-us/icon-farm.png]
[www.mahindra.com/assets/img/about-us/icon-hospitality.png]
[www.mahindra.com/assets/img/about-us/icon-information.png]
[www.mahindra.com/assets/img/about-us/icon-insurance.png]
[www.mahindra.com/assets/img/about-us/icon-logistics.png]
[www.mahindra.com/assets/img/about-us/icon-power.png]
[www.mahindra.com/assets/img/about-us/icon-estate.png]
[www.mahindra.com/assets/img/about-us/icon-retail.png]
[www.mahindra.com/assets/img/about-us/icon-rural.png]
[www.mahindra.com/assets/img/about-us/icon-steel.png]
[www.mahindra.com/assets/img/about-us/icon-trucks.png]
[www.mahindra.com/assets/img/about-us/icon-twowheelers.png]
[www.mahindra.com/assets/img/about-us/icon-vehicle.png]
[www.mahindra.com/assets/img/about-us/purpose-slider1a.jpg]
[www.mahindra.com/assets/img/about-us/purpose-slider1b.jpg]
[www.mahindra.com/stories/scorpio.html]
[www.mahindra.com/stories/fifa.html]
[www.mahindra.com/assets/img/about-us/purpose-slider1c.jpg]
[www.mahindra.com/assets/img/about-us/purpose-slider1d-video.jpg]
[www.mahindra.com/stories/racing.html]
[www.mahindra.com/assets/img/about-us/play-btn.png]
[www.mahindra.com/assets/img/about-us/blazo-275x174.jpg]
[www.mahindra.com/stories/blazo.html]
[www.mahindra.com/assets/img/about-us/purpose-slider2b-video.jpg]
[www.mahindra.com/assets/img/about-us/purpose-slider2c-video.jpg]
[www.mahindra.com/assets/img/about-us/battista-275x174.jpg]
[www.mahindra.com/assets/img/about-us/empowering-the-girl-child-video.jpg]
[www.mahindra.com/assets/img/about-us/skill-hai-to-future-hai-video.jpg]
[www.mahindra.com/assets/img/about-us/purpose-slider3c.jpg]
[www.mahindra.com/assets/img/about-us/acha-lagta-hai-video.jpg]
[www.mahindra.com/stories/mahindra-finance.html]
[www.mahindra.com/assets/img/homepage/arrow-left.png]
[www.mahindra.com/assets/img/homepage/arrow-right.png]
[www.mahindra.com/assets/img/about-us/value-slider1-video.jpg]
[www.mahindra.com/assets/img/about-us/value-slider2.png]
[www.mahindra.com/assets/img/about-us/value-slider3.png]
[www.mahindra.com/assets/img/about-us/value-slider4.png]
[www.mahindra.com/assets/img/about-us/value-slider5.png]
[www.mahindra.com/assets/img/about-us/value-slider6.png]
[www.mahindra.com/assets/img/about-us/leader-keshub.png]
[www.mahindra.com/assets/img/about-us/leader-anand-color.png]
[www.mahindra.com/assets/img/about-us/leader-anish-color-new.png]
[www.mahindra.com/assets/img/about-us/leader-rajesh-color.png]
[www.mahindra.com/assets/img/about-us/leader-sp-shukla-color.png]
[www.mahindra.com/assets/img/about-us/leader-abanti.png]
[www.mahindra.com/assets/img/about-us/amit-sinha.png]
[www.mahindra.com/assets/img/about-us/leader-ashok-color.png]
[www.mahindra.com/assets/img/about-us/leader-arvind.png]
[www.mahindra.com/assets/img/about-us/leader-asha.png]
[www.mahindra.com/assets/img/about-us/cp-gurnani-color.png]
[www.mahindra.com/assets/img/about-us/leader-hemant.png]
[www.mahindra.com/assets/img/about-us/leader-kavinder.png]
[www.mahindra.com/assets/img/about-us/puneet-renjhen-142x142.png]
[www.mahindra.com/assets/img/about-us/manoj-bhat.png]
[www.mahindra.com/assets/img/about-us/leader-manoj.png]
[www.mahindra.com/assets/img/about-us/leader-mohit.png]
[www.mahindra.com/assets/img/about-us/leader-naveen.png]
[www.mahindra.com/assets/img/about-us/leader-parag-shah.png]
[www.mahindra.com/assets/img/about-us/leader-rajeshwar.png]
[www.mahindra.com/assets/img/about-us/leader-ramesh-color-new.png]
[www.mahindra.com/assets/img/about-us/leader-rampraveen.png]
[www.mahindra.com/assets/img/about-us/leader-ruzbeh.png]
[www.mahindra.com/assets/img/about-us/leader-veejay.png]
[www.mahindra.com/assets/img/about-us/leader-velusamy.png]
[www.mahindra.com/assets/img/about-us/leader-vinod-sahay.png]
[www.mahindra.com/assets/img/about-us/vivek-agarwal.png]
[www.mahindra.com/assets/img/twitter.png]
[www.mahindra.com/assets/img/linkedin.png]
[www.mahindra.com/assets/cms-images/about-us/our-properties/racing-540x190px.jpg]
[www.mahindra.com/assets/cms-images/about-us/our-properties/culture-outreach-540x190px.jpg]
[www.mahindra.com/assets/cms-images/about-us/our-history/our-history-540x190px.jpg]
[www.mahindra.com/history.html]
[www.mahindra.com/assets/js/modernizr.min.js]
[www.mahindra.com/assets/js/plugins.min.js]
[www.mahindra.com/assets/js/sly.min.js]
[www.mahindra.com/assets/js/waypoints.min.js]
[www.mahindra.com/assets/js/jquery.counterup.min.js]
[www.mahindra.com/about-mahindra-company.html]
[www.mahindra.com/assets/js/about-us.min.js]
[www.mahindra.com/assets/css/businesses.min.css]
[www.mahindra.com/assets/cms-images/banner/businesses/business-banner.jpg]
[www.mahindra.com/assets/cms-images/businesses/aerostructure.png]
[www.mahindra.com/assets/cms-images/businesses/aftermarket.jpg]
[www.mahindra.com/assets/cms-images/businesses/agri-industry.jpg]
[www.mahindra.com/assets/cms-images/businesses/automotive.jpg]
[www.mahindra.com/assets/cms-images/businesses/boat.jpg]
[www.mahindra.com/assets/cms-images/businesses/clean-energy.jpg]
[www.mahindra.com/assets/cms-images/businesses/construction-equipment.jpg]
[www.mahindra.com/assets/cms-images/businesses/consulting.jpg]
[www.mahindra.com/assets/cms-images/businesses/defence.jpg]
[www.mahindra.com/assets/cms-images/businesses/farm-equipment.jpg]
[www.mahindra.com/assets/cms-images/businesses/hospitality.jpg]
[www.mahindra.com/assets/cms-images/businesses/it.jpg]
[www.mahindra.com/assets/cms-images/businesses/insurance-broking.jpg]
[www.mahindra.com/assets/cms-images/businesses/logistics.jpg]
[www.mahindra.com/assets/cms-images/businesses/mahindra-finance-mutual-funds.jpg]
[www.mahindra.com/assets/cms-images/businesses/power-bckup-new-cream.jpg]
[www.mahindra.com/assets/cms-images/businesses/real-estate.jpg]
[www.mahindra.com/assets/cms-images/businesses/retail.jpg]
[www.mahindra.com/assets/cms-images/businesses/rural-housing-finance.jpg]
[www.mahindra.com/assets/cms-images/businesses/steel.jpg]
[www.mahindra.com/assets/cms-images/businesses/trucks-and-buses.jpg]
[www.mahindra.com/assets/cms-images/businesses/two-wheelers.jpg]
[www.mahindra.com/assets/cms-images/businesses/vehicle-and-equipment-finance.jpg]
[www.mahindra.com/assets/js/mixitup-new.min.js]
[www.mahindra.com/assets/js/custom-select.min.js]
[www.mahindra.com/assets/js/businesses.min.js]
[www.mahindra.com/mahindra-services-and-businesses.html]
[www.mahindra.com/assets/js/tiny-masonry.min.js]
[www.mahindra.com/assets/css/investor-financial-reports-and-filings.min.css]
[www.mahindra.com/assets/cms-images/banner/investor/annual-anayst-meet.jpg]
[www.mahindra.com/resources/investor-reports/FY23/Earnings Update/TRANSCRIPT-MM-Q1FY23-Earnings-Call-5th-Aug-2022-FINAL.pdf]
[www.mahindra.com/assets/cms-images/banner/investor/investors-reports-and-filings-banner-new.jpg]
[www.mahindra.com/investors/disclosures-under-regulation-46-and-62-of-sebi-lodr.html]
[www.mahindra.com/investors/financial-highlights.html]
[www.mahindra.com/investors/performance.html]
[www.mahindra.com/investors/board-of-directors.html]
[www.mahindra.com/assets/img/investor/icons/PDF/PDF.png]
[www.mahindra.com/resources/investor-reports/FY23/Announcements/2QFY23-Silent-Period-Notice.pdf]
[www.mahindra.com/assets/img/investor/icon-download-red.png]
[www.mahindra.com/resources/investor-reports/FY23/Announcements/LIVE-Webcast-link-MM-EV-Day-Sept-12-2022.pdf]
[www.mahindra.com/assets/img/investor/icons/ZIP/ZIP.png]
[www.mahindra.com/resources/investor-reports/FY23/Announcements/Schedule-Presentation-of-Analyst-Institutional-Investor-Meetings-post-Q1FY23-results.zip]
[www.mahindra.com/assets/img/investor/icons/Arrow/Arrow.png]
[www.mahindra.com/resources/investor-reports/FY23/Announcements/MM-Q1FY23-Earnings-Call-Invite-and-Details-Aug-5-2022.pdf]
[www.mahindra.com/resources/investor-reports/FY23/Announcements/1QFY23-Silent-Period-Notice.pdf]
[www.mahindra.com/resources/investor-reports/FY23/Announcements/MM-EV-strategic-Announcement-Invite-Webcast-08-July-22.pdf]
[www.mahindra.com/resources/investor-reports/FY23/Announcements/MM-Annual-Report-2021-22.pdf]
[www.mahindra.com/resources/investor-reports/FY23/Announcements/Schedule-Presentation-of-Analyst-Institutional-Investor-Meetings-post-Q4FY22 results.zip]
[www.mahindra.com/resources/investor-reports/FY23/Announcements/MM-Annual-Analyst-Meet-Invite-and-Details-May-30-2022.pdf]
[www.mahindra.com/assets/img/investor/icons/Audio/Frame.png]
[www.mahindra.com/resources/investor-reports/FY23/Earnings Update/AUDIO-MM-Q1FY23-Earnings-Call-5th-Aug-2022.mp3]
[www.mahindra.com/resources/investor-reports/FY23/Earnings Update/M&M-Q1FY23-Earnings-Call-Presentations-deck-5th-August-2022.pdf]
[www.mahindra.com/resources/investor-reports/FY23/Earnings Update/M&M-Q1-F23-Financial-results-pack.pdf]
[www.mahindra.com/resources/investor-reports/FY23/Earnings Update/MM-Q1FY23-Earnings-Call-Invite-and-Details-Aug-5-2022.pdf]
[www.mahindra.com/resources/investor-reports/FY23/Events Update/EV-Day-Strategy-Presentation-for-Investors-12-Sept-2022.pdf]
[www.mahindra.com/resources/investor-reports/FY23/Events Update/LIVE-Webcast-link-MM-EV-Day-Sept-12-2022.pdf]
[www.mahindra.com/resources/investor-reports/FY23/Events Update/Investor-Deck-NDR-Aug-2022.pdf]
[www.mahindra.com/resources/investor-reports/FY23/Events Update/Investor-Deck-CEO-track-Sep-2022.pdf]
[www.mahindra.com/resources/investor-reports/FY23/Events Update/SE-Intimation-on-PR-on-Non-Binding-Term-Sheet-with-Volkswagen-for-Techno-Commercials-15th-August-2022.pdf]
[www.mahindra.com/resources/investor-reports/FY23/Events Update/SE-Intimation-for-Global-Showcase-of-Born-Electric-Vision-with-PR-15th-August-2022.pdf]
[www.mahindra.com/resources/investor-reports/FY23/Events Update/SE-MADE-15-08-2022.pdf]
[www.mahindra.com/resources/investor-reports/FY23/Events Update/MM-EV-strategic-Announcement-Recording-of-Webcast-08-July-22.pdf]
[www.mahindra.com/resources/investor-reports/FY23/Events Update/Briefing-Session-on-EV-strategic-announcement-Analyst-Meet-8-July.pdf]
[www.mahindra.com/resources/investor-reports/FY23/Events Update/MM-EV-strategic-Announcement-Invite-Webcast-08-July-22.pdf]
[www.mahindra.com/resources/investor-reports/FY23/Events Update/Investor-Deck-NDR-June-28-29-2022.pdf]
[www.mahindra.com/resources/investor-reports/FY23/Events Update/Investor-Deck-NDR-June-13-15-2022.pdf]
[www.mahindra.com/resources/investor-reports/FY23/Download-Forms-and-Formats/SEBI-May-30-2022-Standard-Operating-Procedures.pdf]
[www.mahindra.com/resources/investor-reports/FY23/Monthly Update/Press-Releases-Sales-Performance-of-Auto-and-Farm-Sectors-during-September-2022.pdf]
[www.mahindra.com/investors/reports-and-filings.html]
[www.mahindra.com/riseforgood.html]
[www.mahindra.com/innovation-in-business.html]
[www.mahindra.com/global.html]
[www.mahindra.com/news-room.html]
[www.mahindra.com/careers.html]
[www.mahindra.com/blogs.html]
[www.mahindra.com/motor-sports.html]
[www.mahindra.com/cultural-outreach.html]
[www.mahindra.com/contact-mahindra-group.html]
[www.mahindra.com/video-youtube-overlay8bb0.html]
[www.mahindra.com/video-youtube-overlaya73f.html]
[www.mahindra.com/assets/img/arrow-left-red.svg]
[www.mahindra.com/assets/img/arrow-right-red.svg]
[www.mahindra.com/investors/index.html]
[www.mahindra.com/riseforgood/empowering-our-people.html]
[www.mahindra.com/riseforgood/ethics-and-governance.html]
[www.mahindra.com/riseforgood/serving-the-community.html]
[www.mahindra.com/riseforgood/business-for-good.html]
[www.mahindra.com/riseforgood/rejuvenating-the-planet.html]
[www.mahindra.com/terms-of-use.html]
[www.mahindra.com/disclaimer.html]
[www.mahindra.com/privacy-policy.html]
[www.mahindra.com/sitemap.html]
[www.mahindra.com/assets/chatbot/css/fonts/Trebuchet MS.html]
[www.mahindra.com/assets/fonts/fontawesome-webfont78ce.html]
[www.mahindra.com/assets/fonts/fontawesome-webfontd41d.html]
[www.mahindra.com/assets/fonts/fontawesome-webfont78ce-2.html]
[www.mahindra.com/assets/fonts/fontawesome-webfont78ce-3.html]
[www.mahindra.com/assets/fonts/fontawesome-webfont78ce.svg]
[www.mahindra.com/assets/fonts/EurostileLTStd.html]
[www.mahindra.com/assets/fonts/EurostileLTStd-2.html]
[www.mahindra.com/assets/fonts/EurostileLTStd-3.html]
[www.mahindra.com/assets/fonts/EurostileLTStd-4.html]
[www.mahindra.com/assets/fonts/EurostileLTStd.svg]
[www.mahindra.com/assets/fonts/EurostileLTStdBold.html]
[www.mahindra.com/assets/fonts/EurostileLTStdBold-2.html]
[www.mahindra.com/assets/fonts/EurostileLTStdBold-3.html]
[www.mahindra.com/assets/fonts/EurostileLTStdBold-4.html]
[www.mahindra.com/assets/fonts/EurostileLTStdBold.svg]
[www.mahindra.com/assets/fonts/cheddar_jack-webfont.html]
[www.mahindra.com/assets/fonts/cheddar_jack-webfontd41d.html]
[www.mahindra.com/assets/fonts/cheddar_jack-webfont-2.html]
[www.mahindra.com/assets/fonts/cheddar_jack-webfont-3.html]
[www.mahindra.com/assets/fonts/cheddar_jack-webfont-4.html]
[www.mahindra.com/assets/fonts/cheddar_jack-webfont.svg]
[www.mahindra.com/assets/fonts/glyphicons-halflings-regular.html]
[www.mahindra.com/assets/fonts/glyphicons-halflings-regulard41d.html]
[www.mahindra.com/assets/fonts/glyphicons-halflings-regular-2.html]
[www.mahindra.com/assets/fonts/glyphicons-halflings-regular-3.html]
[www.mahindra.com/assets/fonts/glyphicons-halflings-regular-4.html]
[www.mahindra.com/assets/fonts/glyphicons-halflings-regular-5.html]
[www.mahindra.com/assets/img/cd-arrows.html]
[www.mahindra.com/assets/css/owl.video.play.html]
[www.mahindra.com/assets/css/horizontal.min.css]
[www.mahindra.com/assets/css/about-us.min.css]
[www.mahindra.com/stories/fifa.html]
[www.mahindra.com/stories/scorpio.html]
[www.mahindra.com/stories/racing.html]
[www.mahindra.com/stories/blazo.html]
[www.mahindra.com/stories/mahindra-finance.html]
[www.mahindra.com/history.html]
[www.mahindra.com/assets/css/businesses.min.css]
[www.mahindra.com/assets/css/investor-financial-reports-and-filings.min.css]
[www.mahindra.com/investors/disclosures-under-regulation-46-and-62-of-sebi-lodr.html]
[www.mahindra.com/investors/financial-highlights.html]
[www.mahindra.com/investors/performance.html]
[www.mahindra.com/investors/board-of-directors.html]
